[debug] [2026-09-04T08:57:43.770Z] ----------------------------------------------------------------------
[debug] [2026-09-04T08:57:43.774Z] Command:       /usr/bin/node /usr/local/bin/firebase init hosting
[debug] [2026-09-04T08:57:43.775Z] CLI Version:   15.29.0
[debug] [2026-09-04T08:57:43.775Z] Platform:      linux
[debug] [2026-09-04T08:57:43.775Z] Node Version:  v22.22.1
[debug] [2026-09-04T08:57:43.776Z] Detected Agent: unknown
[debug] [2026-09-04T08:57:43.776Z] Time:          Fri Sep 04 2026 18:57:43 GMT+1000 (Australian Eastern Standard Time)
[debug] [2026-09-04T08:57:43.776Z] ----------------------------------------------------------------------
[debug] 
[info] 
     ######## #### ########  ######## ########     ###     ######  ########
     ##        ##  ##     ## ##       ##     ##  ##   ##  ##       ##
     ######    ##  ########  ######   ########  #########  ######  ######
     ##        ##  ##    ##  ##       ##     ## ##     ##       ## ##
     ##       #### ##     ## ######## ########  ##     ##  ######  ########

You're about to initialize a Firebase project in this directory:

  /home/grant/Downloads/Side-projects

[info] 
=== Project Setup
[info] 
[info] First, let's associate this project directory with a Firebase project.
[info] You can create multiple project aliases by running firebase use --add, 
[info] 
[debug] [2026-09-04T08:57:44.544Z] > command requires scopes: ["email","openid","https://www.googleapis.com/auth/cloudplatformprojects.readonly","https://www.googleapis.com/auth/firebase","https://www.googleapis.com/auth/cloud-platform"]
[debug] [2026-09-04T08:57:44.544Z] > authorizing via signed-in user (grant.dong.1@gmail.com)
[debug] [2026-09-04T08:57:44.586Z] Checked if tokens are valid: true, expires at: 1788514684124
[debug] [2026-09-04T08:57:44.586Z] Checked if tokens are valid: true, expires at: 1788514684124
[debug] [2026-09-04T08:57:44.589Z] >>> [apiv2][query] GET https://firebase.googleapis.com/v1beta1/projects/bin-wise [none]
[debug] [2026-09-04T08:57:46.036Z] <<< [apiv2][status] GET https://firebase.googleapis.com/v1beta1/projects/bin-wise 200
[debug] [2026-09-04T08:57:46.036Z] <<< [apiv2][body] GET https://firebase.googleapis.com/v1beta1/projects/bin-wise {"projectId":"bin-wise","projectNumber":"585543971324","displayName":"Bin-wise","name":"projects/bin-wise","resources":{"hostingSite":"bin-wise"},"state":"ACTIVE","labels":{"firebase":"enabled"},"etag":"1_1b13db70-7c67-4b20-b8e7-45edec1efb33"}
[info] i  Using project bin-wise (Bin-wise) . 
[info] 
=== Hosting Setup
[debug] [2026-09-04T08:57:46.060Z] Checked if tokens are valid: true, expires at: 1788514684124
[debug] [2026-09-04T08:57:46.061Z] Checked if tokens are valid: true, expires at: 1788514684124
[debug] [2026-09-04T08:57:46.061Z] >>> [apiv2][query] GET https://firebase.googleapis.com/v1beta1/projects/bin-wise [none]
[debug] [2026-09-04T08:57:46.843Z] <<< [apiv2][status] GET https://firebase.googleapis.com/v1beta1/projects/bin-wise 200
[debug] [2026-09-04T08:57:46.843Z] <<< [apiv2][body] GET https://firebase.googleapis.com/v1beta1/projects/bin-wise {"projectId":"bin-wise","projectNumber":"585543971324","displayName":"Bin-wise","name":"projects/bin-wise","resources":{"hostingSite":"bin-wise"},"state":"ACTIVE","labels":{"firebase":"enabled"},"etag":"1_1b13db70-7c67-4b20-b8e7-45edec1efb33"}
[info] 
[info] Your public directory is the folder (relative to your project directory) that
[info] will contain Hosting assets to be uploaded with firebase deploy. If you
[info] have a build process for your assets, use your build's output directory.
[info] 
[info] 
[info] i  Didn't detect a .git folder. Assuming /home/grant/Downloads/Side-projects is the project root. 
[info] i  Authorizing with GitHub to upload your service account to a GitHub repository's secrets store. 
[info] 
[info] Visit this URL on this device to log in:
[info] https://github.com/login/oauth/authorize?client_id=89cf50f02ac6aaed3484&state=796012315&redirect_uri=http%3A%2F%2Flocalhost%3A9005&scope=read%3Auser%20repo%20public_repo
[info] 
[info] Waiting for authentication...
[debug] [2026-09-04T08:58:44.325Z] >>> [apiv2][query] POST https://github.com/login/oauth/access_token [none]
[debug] [2026-09-04T08:58:44.326Z] >>> [apiv2][body] POST https://github.com/login/oauth/access_token [stream]
[debug] [2026-09-04T08:58:44.909Z] <<< [apiv2][status] POST https://github.com/login/oauth/access_token 200
[debug] [2026-09-04T08:58:44.909Z] <<< [apiv2][body] POST https://github.com/login/oauth/access_token {"access_token":"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","token_type":"bearer","scope":"read:user,repo"}
[debug] [2026-09-04T08:58:44.925Z] >>> [apiv2][query] GET https://api.github.com/user [none]
[debug] [2026-09-04T08:58:45.558Z] <<< [apiv2][status] GET https://api.github.com/user 200
[debug] [2026-09-04T08:58:45.558Z] <<< [apiv2][body] GET https://api.github.com/user {"login":"grantdong1-maker","id":229712476,"node_id":"U_kgDODbEiXA","avatar_url":"https://avatars.githubusercontent.com/u/229712476?v=4","gravatar_id":"","url":"https://api.github.com/users/grantdong1-maker","html_url":"https://github.com/grantdong1-maker","followers_url":"https://api.github.com/users/grantdong1-maker/followers","following_url":"https://api.github.com/users/grantdong1-maker/following{/other_user}","gists_url":"https://api.github.com/users/grantdong1-maker/gists{/gist_id}","starred_url":"https://api.github.com/users/grantdong1-maker/starred{/owner}{/repo}","subscriptions_url":"https://api.github.com/users/grantdong1-maker/subscriptions","organizations_url":"https://api.github.com/users/grantdong1-maker/orgs","repos_url":"https://api.github.com/users/grantdong1-maker/repos","events_url":"https://api.github.com/users/grantdong1-maker/events{/privacy}","received_events_url":"https://api.github.com/users/grantdong1-maker/received_events","type":"User","user_view_type":"private","site_admin":false,"name":null,"company":null,"blog":"","location":null,"email":null,"hireable":null,"bio":null,"twitter_username":null,"notification_email":null,"public_repos":0,"public_gists":0,"followers":0,"following":0,"created_at":"2025-09-01T07:32:47Z","updated_at":"2026-09-02T11:10:43Z","private_gists":0,"total_private_repos":0,"owned_private_repos":0,"disk_usage":0,"collaborators":0,"two_factor_authentication":false,"plan":{"name":"free","space":976562499,"collaborators":0,"private_repos":10000}}
[info] 
[info] ✔  Success! Logged into GitHub as grantdong1-maker 
[info] 
[debug] [2026-09-04T08:59:05.253Z] >>> [apiv2][query] GET https://api.github.com/repos//actions/secrets/public-key type=owner
[debug] [2026-09-04T08:59:05.670Z] <<< [apiv2][status] GET https://api.github.com/repos//actions/secrets/public-key 404
[debug] [2026-09-04T08:59:05.670Z] <<< [apiv2][body] GET https://api.github.com/repos//actions/secrets/public-key {"message":"Not Found","documentation_url":"https://docs.github.com/rest","status":"404"}
[info] 
[info] 
[error] ⚠  The provided authorization cannot be used with this repository. If this repository is in an organization, did you remember to grant access? 
[info] 
[info] i  Action required: Visit this URL to ensure access has been granted to the appropriate organization(s) for the Firebase CLI GitHub OAuth App: 
[info] https://github.com/settings/connections/applications/89cf50f02ac6aaed3484
[info] 
[debug] [2026-09-04T08:59:12.761Z] >>> [apiv2][query] GET https://api.github.com/repos/repository/actions/secrets/public-key type=owner
[debug] [2026-09-04T08:59:14.112Z] <<< [apiv2][status] GET https://api.github.com/repos/repository/actions/secrets/public-key 404
[debug] [2026-09-04T08:59:14.112Z] <<< [apiv2][body] GET https://api.github.com/repos/repository/actions/secrets/public-key {"message":"Not Found","documentation_url":"https://docs.github.com/rest","status":"404"}
[info] 
[info] 
[error] ⚠  The provided authorization cannot be used with this repository. If this repository is in an organization, did you remember to grant access? 
[info] 
[info] i  Action required: Visit this URL to ensure access has been granted to the appropriate organization(s) for the Firebase CLI GitHub OAuth App: 
[info] https://github.com/settings/connections/applications/89cf50f02ac6aaed3484
[info] 
[debug] [2026-09-04T08:59:28.040Z] >>> [apiv2][query] GET https://api.github.com/repos//actions/secrets/public-key type=owner
[debug] [2026-09-04T08:59:28.621Z] <<< [apiv2][status] GET https://api.github.com/repos//actions/secrets/public-key 404
[debug] [2026-09-04T08:59:28.622Z] <<< [apiv2][body] GET https://api.github.com/repos//actions/secrets/public-key {"message":"Not Found","documentation_url":"https://docs.github.com/rest","status":"404"}
[info] 
[info] 
[error] ⚠  The provided authorization cannot be used with this repository. If this repository is in an organization, did you remember to grant access? 
[info] 
[info] i  Action required: Visit this URL to ensure access has been granted to the appropriate organization(s) for the Firebase CLI GitHub OAuth App: 
[info] https://github.com/settings/connections/applications/89cf50f02ac6aaed3484
[info] 
